[www.internetcafe.games/index.html]
[backblue.gif]
[fade.gif]
[index.html]
[www.internetcafe.games/system/apps/sites/dist/js/main-ff3d6322.js]
[www.internetcafe.games/contact-us.html]
[image6.zibster.com/8933/12_20210115161821_10880245_large.png]
[www.internetcafe.games/gaming-systems.html]
[www.internetcafe.games/global/images/placeholder_1px.png]
[image11.zibster.com/8562/12_20201229185613_10865045_xlarge.jpg]
[www.internetcafe.games/riversweeps.html]
[www.internetcafe.games/river-monster.html]
[image3.zibster.com/8939/12_20201222085034_10858117_xlarge.jpg]
[image11.zibster.com/8630/12_20201222085450_10858135_xlarge.jpg]
[image7.zibster.com/8894/12_20201222085608_10858136_xlarge.jpg]
[www.internetcafe.games/payments.html]
[image14.zibster.com/10308/12_20210105104254_10870008_xlarge.jpg]
[image7.zibster.com/8894/12_20201222085626_10858137_xlarge.jpg]
[publ.maillist-manage.com/js/jquery-1.11.0.min.js]
[publ.maillist-manage.com/js/jquery-migrate-1.2.1.min.js]
[publ.maillist-manage.com/js/jquery-ui-1.10.4.custom.min.js]
[publ.maillist-manage.com/js/optin_min.js]
[www.internetcafe.games/popular-games.18.delayed]
[image7.zibster.com/8841/12_20210115161236_10880244_large.png]
[www.internetcafe.games/index.html]
[www.internetcafe.games/system/apps/sites/dist/css/main-6c0c53c6.css]
[www.internetcafe.games/contact-us.html]
[image9.zibster.com/8584/12_20210105192147_10870332_large.jpg]
[image8.zibster.com/8585/12_20210129095643_10893422_large.png]
[www.internetcafe.games/vpower.html]
[image3.zibster.com/8929/12_20201231105953_10866284_large.png]
[www.internetcafe.games/xgame.html]
[image14.zibster.com/10152/12_20210430084512_10983937_large.png]
[image5.zibster.com/8930/12_20210511153037_11007564_xlarge.png]
[www.internetcafe.games/blue-dragon.html]
[image12.zibster.com/6748/12_20210512082536_11008034_large.png]
[image9.zibster.com/8584/12_20210407170218_10955499_large.png]
[www.internetcafe.games/grand-x.html]
[image4.zibster.com/8911/12_20210104144107_10869380_xlarge.png]
[image14.zibster.com/10308/12_20210414150650_10962865_large.jpg]
[image4.zibster.com/8911/12_20201230125449_10866015_large.jpg]
[image8.zibster.com/8585/12_20210121232933_10887498_large.png]
[image7.zibster.com/8912/12_20210129081422_10893388_large.png]
[image3.zibster.com/8934/12_20210105192535_10870334_large.png]
[image10.zibster.com/8583/12_20201230093313_10865928_xlarge.png]
[image10.zibster.com/8495/12_20210105113829_10870191_large.png]
[image7.zibster.com/8841/12_20201231110259_10866325_large.jpg]
[image9.zibster.com/8584/12_20210105190539_10870331_large.png]
[image6.zibster.com/8896/12_20210128135510_10893164_large.png]
[image12.zibster.com/7732/12_20210201091154_10898948_large.jpg]
[www.internetcafe.games/gaming-systems.html]
[www.internetcafe.games/news.html]
[www.internetcafe.games/faq.html]
[www.internetcafe.games/golden-dragon.html]
[www.internetcafe.games/riversweeps.html]
[www.internetcafe.games/fire-kirin.html]
[www.internetcafe.games/river-monster.html]
[www.internetcafe.games/phantom-wifi.html]
[image10.zibster.com/8543/12_20210107153430_10872691_xlarge.jpg]
[image7.zibster.com/8894/12_20210107142558_10872439_xlarge.jpg]
[image7.zibster.com/8841/12_20210107142413_10872436_xlarge.jpg]
[www.internetcafe.games/payments.html]
[www.internetcafe.games/go-to-spin.html]
[www.internetcafe.games/vpower.html]
[www.internetcafe.games/xgame.html]
[www.internetcafe.games/ultra-monster.html]
[www.internetcafe.games/blue-dragon.html]
[www.internetcafe.games/royal-eagle.html]
[www.internetcafe.games/grand-x.html]
[www.internetcafe.games/tiger-is-home.html]
[www.internetcafe.games/skillmine.html]
[www.internetcafe.games/phantom-soft.html]
[www.internetcafe.games/Fire-Kirin-2.html]
[www.internetcafe.games/fortune-2-go.html]
[www.internetcafe.games/vegas-x.html]
[www.internetcafe.games/vegas-7.html]
[www.internetcafe.games/orion-stars.html]
